// Jest Snapshot v1, https://goo.gl/fbAQLP

exports[`matches snapshot 1`] = `
<DocumentFragment>
  <form>
    <label
      for="todo"
    >
      Todo: 
    </label>
    <input
      id="todo"
      name="task"
      placeholder="TodoItem"
      value=""
    />
    <button>
      Submit
    </button>
  </form>
</DocumentFragment>
`;
